scons: Reading SConscript files ...
Mkdir("/home/g/riscv/gem5/build/RISCV/gem5.build")
Checking for linker -Wl,--as-needed support... (cached) yes
Checking for compiler -gz support... (cached) yes
Checking for linker -gz support... (cached) yes
Info: Using Python config: python3-config
Checking for C header file Python.h... (cached) yes
Checking Python version... (cached) 3.10.12
Checking for accept(0,0,0) in C++ library None... (cached) yes
Checking for zlibVersion() in C++ library z... (cached) yes
Checking for C library tcmalloc_minimal... (cached) no
Checking for C library tcmalloc... (cached) no
Warning: You can get a 12% performance improvement by installing tcmalloc
         (libgoogle-perftools-dev package on Ubuntu or RedHat).
Building in /home/g/riscv/gem5/build/RISCV
"build_tools/kconfig_base.py" "/home/g/riscv/gem5/build/RISCV/gem5.build/Kconfig" "/home/g/riscv/gem5/src/Kconfig"
Reading SConsopts
Reading /home/g/riscv/gem5/src/arch/arm/kvm/SConsopts
Reading /home/g/riscv/gem5/src/arch/arm/fastmodel/SConsopts
Reading /home/g/riscv/gem5/src/arch/x86/kvm/SConsopts
Checking size of struct kvm_xsave ... (cached) yes
Reading /home/g/riscv/gem5/src/arch/amdgpu/vega/SConsopts
Reading /home/g/riscv/gem5/src/cpu/SConsopts
Checking for C header file capstone/capstone.h... (cached) no
Warning: Header file <capstone/capstone.h> not found.
         This host has no capstone library installed.
Reading /home/g/riscv/gem5/src/cpu/kvm/SConsopts
Checking for C header file linux/kvm.h... (cached) yes
Checking for timer_create(CLOCK_MONOTONIC, NULL, NULL) in C library None... (cached) yes
Checking for member exclude_host in struct perf_event_attr...(cached) yes
Reading /home/g/riscv/gem5/src/sim/SConsopts
Checking for backtrace_symbols_fd((void *)1, 0, 0) in C library None... (cached) yes
Reading /home/g/riscv/gem5/src/systemc/SConsopts
Reading /home/g/riscv/gem5/src/proto/SConsopts
Checking for pkg-config package protobuf... (cached) yes
Reading /home/g/riscv/gem5/src/dev/net/SConsopts
Checking for C header file linux/if_tun.h... (cached) yes
Reading /home/g/riscv/gem5/src/base/SConsopts
Checking for C header file fenv.h... (cached) yes
Checking for C header file png.h... (cached) no
Warning: Header file <png.h> not found.
         This host has no libpng library.
         Disabling support for PNG framebuffers.
Checking for clock_nanosleep(0,0,NULL,NULL) in C library None... (cached) yes
Checking for C header file valgrind/valgrind.h... (cached) no
Reading /home/g/riscv/gem5/src/base/stats/SConsopts
Checking for pkg-config package hdf5-serial... (cached) no
Checking for pkg-config package hdf5... (cached) no
Checking for H5Fcreate("", 0, 0, 0) in C library hdf5... (cached) no
Warning: Couldn't find HDF5 C++ libraries. Disabling HDF5 support.
Reading /home/g/riscv/gem5/src/learning_gem5/part3/SConsopts
Reading /home/g/riscv/gem5/src/mem/SConsopts
Checking for shm_open("/test", 0, 0) in C library None... (cached) yes
Reading /home/g/riscv/gem5/src/mem/ruby/SConsopts
Reading /home/g/riscv/gem5/src/mem/ruby/protocol/SConsopts
Reading /home/g/riscv/gem5/src/mem/ruby/protocol/chi/SConsopts
Checking whether __i386__ is declared... (cached) no
Checking whether __x86_64__ is declared... (cached) yes
Checking for compiler -Wno-self-assign-overloaded support... (cached) yes
Checking for linker -Wno-free-nonheap-object support... (cached) yes
scons: done reading SConscript files.
scons: Building targets ...
util/cpt_upgrader.py --get-cc-file > build/RISCV/sim/tags.cc
scons: `build/RISCV/gem5.opt' is up to date.
scons: done building targets.
*** Summary of Warnings ***
Warning: You can get a 12% performance improvement by installing tcmalloc
         (libgoogle-perftools-dev package on Ubuntu or RedHat).
Warning: Header file <capstone/capstone.h> not found.
         This host has no capstone library installed.
Warning: Header file <png.h> not found.
         This host has no libpng library.
         Disabling support for PNG framebuffers.
Warning: Couldn't find HDF5 C++ libraries. Disabling HDF5 support.
